src/components/live/CrexActionsBar.tsx(6,1): error TS6133: 'React' is declared but its value is never read.
src/components/live/CrexBallTimeline.tsx(7,1): error TS6133: 'React' is declared but its value is never read.
src/components/live/CrexBallTimeline.tsx(8,24): error TS6133: 'CREX_COLORS' is declared but its value is never read.
src/components/live/CrexBallTimeline.tsx(8,43): error TS2307: Cannot find module '../../config/crex-design' or its corresponding type declarations.
src/components/live/CrexHeroScoreboard.tsx(7,1): error TS6133: 'React' is declared but its value is never read.
src/components/live/CrexHeroScoreboard.tsx(8,30): error TS2307: Cannot find module '../../config/crex-design' or its corresponding type declarations.
src/components/live/CrexHeroScoreboard.tsx(34,3): error TS6133: 'teamAName' is declared but its value is never read.
src/components/live/CrexHeroScoreboard.tsx(35,3): error TS6133: 'teamBName' is declared but its value is never read.
src/components/live/CrexHeroScoreboard.tsx(38,3): error TS6133: 'currentInnings' is declared but its value is never read.
src/components/live/CrexInsightsPanel.tsx(6,8): error TS6133: 'React' is declared but its value is never read.
src/components/live/CrexQuickStatsRow.tsx(6,1): error TS6133: 'React' is declared but its value is never read.
src/components/live/CrexQuickStatsRow.tsx(7,29): error TS2307: Cannot find module '../../config/crex-design' or its corresponding type declarations.
src/components/match/HeroScoreboard.tsx(14,45): error TS2367: This comparison appears to be unintentional because the types '"upcoming" | "finished" | "abandoned"' and '"Live"' have no overlap.
src/components/match/HeroScoreboard.tsx(15,46): error TS2551: Property 'teamA' does not exist on type 'Match'. Did you mean 'teamAId'?
src/components/match/HeroScoreboard.tsx(16,46): error TS2551: Property 'teamB' does not exist on type 'Match'. Did you mean 'teamBId'?
src/components/scorecard/CrexScorecardPage.tsx(13,26): error TS7016: Could not find a declaration file for module '../live/BallTimeline'. 'D:/Programming/Project/SMA Cricket Project/School Cricket/src/components/live/BallTimeline.jsx' implicitly has an 'any' type.
src/components/scorecard/CrexScorecardPage.tsx(14,33): error TS7016: Could not find a declaration file for module '../live/ProjectedScoreTable'. 'D:/Programming/Project/SMA Cricket Project/School Cricket/src/components/live/ProjectedScoreTable.jsx' implicitly has an 'any' type.
src/components/scorecard/CrexScorecardPage.tsx(15,28): error TS7016: Could not find a declaration file for module '../live/WinProbability'. 'D:/Programming/Project/SMA Cricket Project/School Cricket/src/components/live/WinProbability.jsx' implicitly has an 'any' type.
src/components/scorecard/CrexScorecardPage.tsx(43,9): error TS6133: 'bowlingTeam' is declared but its value is never read.
src/components/scorecard/CrexScorecardPage.tsx(86,17): error TS2322: Type '{ batsmen: any; playersMap: Map<string, any>; }' is not assignable to type 'IntrinsicAttributes & BattingTableProps'.
  Property 'playersMap' does not exist on type 'IntrinsicAttributes & BattingTableProps'.
src/components/scorecard/CrexScorecardPage.tsx(102,17): error TS2322: Type '{ bowlers: any; playersMap: Map<string, any>; }' is not assignable to type 'IntrinsicAttributes & BowlingTableProps'.
  Property 'playersMap' does not exist on type 'IntrinsicAttributes & BowlingTableProps'.
src/components/scorecard/CrexScorecardPage.tsx(117,17): error TS2322: Type '{ partnership: any; currentScore: any; }' is not assignable to type 'IntrinsicAttributes & PartnershipSectionProps'.
  Property 'partnership' does not exist on type 'IntrinsicAttributes & PartnershipSectionProps'. Did you mean 'partnerships'?
src/components/scorecard/CrexScorecardPage.tsx(140,17): error TS2322: Type '{ playingXI: any; batsmanStats: any; playersMap: Map<string, any>; }' is not assignable to type 'IntrinsicAttributes & YetToBatGridProps'.
  Property 'playersMap' does not exist on type 'IntrinsicAttributes & YetToBatGridProps'.
src/components/scorecard/YetToBatGrid.tsx(36,25): error TS6133: 'yetToBat' is declared but its value is never read.
src/engine/recalculateInnings.ts(7,83): error TS6133: 'Partnership' is declared but its value is never read.
src/engine/recalculateInnings.ts(64,7): error TS6133: 'lastWicketSequence' is declared but its value is never read.
src/engine/recalculateInnings.ts(360,17): error TS6133: 'b' is declared but its value is never read.
src/engine/tournament/knockout.ts(11,3): error TS6196: 'KnockoutConfig' is declared but never used.
src/pages/admin/AdminDashboard.tsx(36,72): error TS2367: This comparison appears to be unintentional because the types '"upcoming" | "finished" | "abandoned"' and '"Live"' have no overlap.
src/pages/admin/AdminLiveScoring.tsx(441,29): error TS2322: Type 'undefined' is not assignable to type 'InningsStats | null'.
src/pages/admin/AdminLiveScoring.tsx(498,85): error TS1313: The body of an 'if' statement cannot be the empty statement.
src/pages/admin/AdminLiveScoring.tsx(513,61): error TS1313: The body of an 'if' statement cannot be the empty statement.
src/pages/admin/AdminLiveScoring.tsx(1112,48): error TS2551: Property 'teamA' does not exist on type 'Match'. Did you mean 'teamAId'?
src/pages/admin/AdminLiveScoring.tsx(1113,48): error TS2551: Property 'teamB' does not exist on type 'Match'. Did you mean 'teamBId'?
src/pages/admin/AdminPlayers.tsx(15,29): error TS7016: Could not find a declaration file for module '@/services/cloudinary/uploader'. 'D:/Programming/Project/SMA Cricket Project/School Cricket/src/services/cloudinary/uploader.js' implicitly has an 'any' type.
src/pages/admin/AdminPlayers.tsx(107,44): error TS7006: Parameter 'progress' implicitly has an 'any' type.
src/pages/admin/AdminSquads.tsx(15,29): error TS7016: Could not find a declaration file for module '@/services/cloudinary/uploader'. 'D:/Programming/Project/SMA Cricket Project/School Cricket/src/services/cloudinary/uploader.js' implicitly has an 'any' type.
src/pages/admin/AdminSquads.tsx(103,44): error TS7006: Parameter 'progress' implicitly has an 'any' type.
src/pages/Home.tsx(328,53): error TS2551: Property 'teamA' does not exist on type 'Match'. Did you mean 'teamAId'?
src/pages/Home.tsx(328,101): error TS2551: Property 'teamB' does not exist on type 'Match'. Did you mean 'teamBId'?
src/pages/Home.tsx(393,53): error TS2551: Property 'teamA' does not exist on type 'Match'. Did you mean 'teamAId'?
src/pages/Home.tsx(393,101): error TS2551: Property 'teamB' does not exist on type 'Match'. Did you mean 'teamBId'?
src/pages/Home.tsx(450,53): error TS2551: Property 'teamA' does not exist on type 'Match'. Did you mean 'teamAId'?
src/pages/Home.tsx(450,101): error TS2551: Property 'teamB' does not exist on type 'Match'. Did you mean 'teamBId'?
src/pages/MatchInfo.tsx(12,1): error TS6133: 'Timestamp' is declared but its value is never read.
src/pages/MatchInfo.tsx(13,1): error TS6133: 'SkeletonCard' is declared but its value is never read.
src/pages/MatchInfo.tsx(64,19): error TS2551: Property 'teamA' does not exist on type 'Match'. Did you mean 'teamAId'?
src/pages/MatchInfo.tsx(66,61): error TS2551: Property 'teamA' does not exist on type 'Match'. Did you mean 'teamAId'?
src/pages/MatchInfo.tsx(73,19): error TS2551: Property 'teamB' does not exist on type 'Match'. Did you mean 'teamBId'?
src/pages/MatchInfo.tsx(75,61): error TS2551: Property 'teamB' does not exist on type 'Match'. Did you mean 'teamBId'?
src/pages/MatchInfo.tsx(117,66): error TS2551: Property 'teamA' does not exist on type 'Match'. Did you mean 'teamAId'?
src/pages/MatchInfo.tsx(118,66): error TS2551: Property 'teamB' does not exist on type 'Match'. Did you mean 'teamBId'?
src/pages/MatchLive.tsx(7,21): error TS6133: 'Link' is declared but its value is never read.
src/pages/MatchLive.tsx(13,1): error TS6133: 'HeroScoreboard' is declared but its value is never read.
src/pages/MatchLive.tsx(15,1): error TS6133: 'BattingTable' is declared but its value is never read.
src/pages/MatchLive.tsx(16,1): error TS6133: 'BowlingTableLive' is declared but its value is never read.
src/pages/MatchLive.tsx(17,1): error TS6133: 'WinProbability' is declared but its value is never read.
src/pages/MatchLive.tsx(18,1): error TS6133: 'OverStrip' is declared but its value is never read.
src/pages/MatchLive.tsx(21,29): error TS7016: Could not find a declaration file for module '@/components/live/CrexLiveSection'. 'D:/Programming/Project/SMA Cricket Project/School Cricket/src/components/live/CrexLiveSection.jsx' implicitly has an 'any' type.
src/pages/MatchLive.tsx(22,1): error TS6133: 'useNavigate' is declared but its value is never read.
src/pages/MatchLive.tsx(156,61): error TS2551: Property 'teamA' does not exist on type 'Match'. Did you mean 'teamAId'?
src/pages/MatchLive.tsx(157,61): error TS2551: Property 'teamB' does not exist on type 'Match'. Did you mean 'teamBId'?
src/pages/MatchLive.tsx(158,110): error TS2551: Property 'teamA' does not exist on type 'Match'. Did you mean 'teamAId'?
src/pages/MatchLive.tsx(159,110): error TS2551: Property 'teamB' does not exist on type 'Match'. Did you mean 'teamBId'?
src/pages/MatchLive.tsx(264,9): error TS6133: 'matchContext' is declared but its value is never read.
src/pages/MatchLive.tsx(277,9): error TS6133: 'ballEvents' is declared but its value is never read.
src/pages/MatchLive.tsx(278,29): error TS6133: 'idx' is declared but its value is never read.
src/pages/MatchLive.tsx(402,9): error TS6133: 'xiIsComplete' is declared but its value is never read.
src/pages/MatchLive.tsx(694,17): error TS6133: 'bKey' is declared but its value is never read.
src/pages/MatchLive.tsx(788,9): error TS6133: 'winProb' is declared but its value is never read.
src/pages/MatchLive.tsx(798,13): error TS6133: 'oversRemaining' is declared but its value is never read.
src/pages/MatchLive.tsx(821,9): error TS6133: 'allOversForStrip' is declared but its value is never read.
src/pages/MatchScorecard.tsx(390,54): error TS2551: Property 'teamA' does not exist on type 'Match'. Did you mean 'teamAId'?
src/pages/MatchScorecard.tsx(391,54): error TS2551: Property 'teamB' does not exist on type 'Match'. Did you mean 'teamBId'?
src/pages/MatchScorecard.tsx(699,3): error TS6133: 'squad' is declared but its value is never read.
src/pages/MatchScorecard.tsx(712,58): error TS2339: Property 'playerId' does not exist on type 'never'.
src/pages/MatchScorecard.tsx(712,73): error TS2339: Property 'id' does not exist on type 'never'.
src/pages/MatchScorecard.tsx(719,9): error TS6133: 'getPlayerStrikeRate' is declared but its value is never read.
src/pages/MatchScorecard.tsx(738,94): error TS2339: Property 'playerId' does not exist on type 'never'.
src/pages/MatchScorecard.tsx(738,120): error TS2339: Property 'id' does not exist on type 'never'.
src/pages/SquadDetails.tsx(347,63): error TS2367: This comparison appears to be unintentional because the types '"live" | "finished" | "abandoned"' and '"scheduled"' have no overlap.
src/pages/SquadDetails.tsx(372,69): error TS2367: This comparison appears to be unintentional because the types '"live" | "finished" | "abandoned"' and '"scheduled"' have no overlap.
src/pages/Squads.tsx(115,48): error TS2345: Argument of type 'string | undefined' is not assignable to parameter of type 'string'.
  Type 'undefined' is not assignable to type 'string'.
src/pages/TournamentDetails.tsx(373,53): error TS18048: 'inn' is possibly 'undefined'.
src/pages/TournamentDetails.tsx(373,76): error TS18048: 'inn' is possibly 'undefined'.
src/pages/TournamentDetails.tsx(373,113): error TS18048: 'inn' is possibly 'undefined'.
src/pages/TournamentDetails.tsx(373,136): error TS18048: 'inn' is possibly 'undefined'.
src/pages/TournamentKeyStats.tsx(47,10): error TS6133: 'matches' is declared but its value is never read.
src/pages/TournamentPointsTable.tsx(147,19): error TS6133: 'groupBySquadId' is declared but its value is never read.
src/pages/TournamentPointsTable.tsx(306,36): error TS7006: Parameter 'sid' implicitly has an 'any' type.
src/pages/TournamentPointsTable.tsx(332,64): error TS7006: Parameter 'sid' implicitly has an 'any' type.
src/pages/TournamentPointsTable.tsx(354,11): error TS6133: 'NR' is declared but its value is never read.
src/pages/TournamentPointsTable.tsx(401,49): error TS7006: Parameter 'sid' implicitly has an 'any' type.
src/pages/TournamentPointsTable.tsx(527,34): error TS7006: Parameter 'r' implicitly has an 'any' type.
src/pages/TournamentPointsTable.tsx(527,37): error TS7006: Parameter 'idx' implicitly has an 'any' type.
src/pages/TournamentPointsTable.tsx(528,67): error TS2345: Argument of type 'any' is not assignable to parameter of type 'never'.
src/services/ai/aiAnomaly.ts(86,41): error TS2367: This comparison appears to be unintentional because the types '"no-ball"' and '"bye"' have no overlap.
src/services/ai/aiAnomaly.ts(86,70): error TS2367: This comparison appears to be unintentional because the types '"no-ball"' and '"leg-bye"' have no overlap.
src/services/ai/aiAnomaly.ts(112,15): error TS6133: 'playerId' is declared but its value is never read.
src/services/ai/aiAnomaly.ts(246,3): error TS6133: 'matchState' is declared but its value is never read.
src/services/ai/aiCommentary.ts(290,9): error TS6133: 'isHighlight' is declared but its value is never read.
src/services/ai/aiCommentary.ts(311,27): error TS7053: Element implicitly has an 'any' type because expression of type 'ToneControl' can't be used to index type '{ normal: string[]; excited: string[]; } | { normal: string[]; excited: string[]; } | { normal: string[]; excited: string[]; } | { normal: string[]; excited: string[]; } | { normal: string[]; excited: string[]; } | { normal: string[]; excited: string[]; } | { ...; }'.
  Property 'excited' does not exist on type '{ normal: string[]; excited: string[]; } | { normal: string[]; excited: string[]; } | { normal: string[]; excited: string[]; } | { normal: string[]; excited: string[]; } | { normal: string[]; excited: string[]; } | { normal: string[]; excited: string[]; } | { ...; }'.
src/services/ai/aiCommentary.ts(364,27): error TS7053: Element implicitly has an 'any' type because expression of type 'ToneControl' can't be used to index type '{ normal: string[]; } | { normal: string[]; excited: string[]; } | { normal: string[]; } | { normal: string[]; }'.
  Property 'excited' does not exist on type '{ normal: string[]; } | { normal: string[]; excited: string[]; } | { normal: string[]; } | { normal: string[]; }'.
src/services/ai/aiCommentary.ts(372,16): error TS7006: Parameter 't' implicitly has an 'any' type.
src/services/ai/aiCommentary.ts(374,13): error TS7006: Parameter 't' implicitly has an 'any' type.
src/services/ai/aiCommentary.ts(388,27): error TS7053: Element implicitly has an 'any' type because expression of type 'ToneControl' can't be used to index type '{ normal: string[]; } | { normal: string[]; } | { normal: string[]; } | { normal: string[]; }'.
  Property 'excited' does not exist on type '{ normal: string[]; } | { normal: string[]; } | { normal: string[]; } | { normal: string[]; }'.
src/services/ai/aiCommentary.ts(392,16): error TS7006: Parameter 't' implicitly has an 'any' type.
src/services/ai/aiCommentary.ts(394,13): error TS7006: Parameter 't' implicitly has an 'any' type.
src/services/ai/aiInsights.ts(87,3): error TS6133: 'matchContext' is declared but its value is never read.
src/services/ai/aiInsights.ts(200,3): error TS6133: 'matchContext' is declared but its value is never read.
src/services/ai/aiPlayerOfMatch.ts(58,9): error TS6133: 'balls' is declared but its value is never read.
src/services/ai/aiPlayerOfMatch.ts(89,9): error TS6133: 'runsConceded' is declared but its value is never read.
src/services/ai/aiPlayerOfMatch.ts(152,9): error TS6133: 'total' is declared but its value is never read.
src/services/ai/aiWinPrediction.ts(62,5): error TS6133: 'oversCompleted' is declared but its value is never read.
src/services/ai/aiWinPrediction.ts(69,5): error TS6133: 'opponentStrength' is declared but its value is never read.
src/services/ai/winProbabilityEngine.ts(38,5): error TS6133: 'batsmenForm' is declared but its value is never read.
src/services/matchEngine/ballUpdateService.ts(6,27): error TS6133: 'setDoc' is declared but its value is never read.
src/services/matchEngine/ballUpdateService.ts(74,7): error TS2353: Object literal may only specify known properties, and 'innings' does not exist in type 'BallData'.
src/services/matchEngine/recalculateInnings.ts(401,26): error TS6133: 'index' is declared but its value is never read.
src/services/matchEngine/recalculateInnings.ts(608,23): error TS18047: 'target' is possibly 'null'.
src/services/matchEngine/recalculateInnings.ts(614,43): error TS18047: 'target' is possibly 'null'.
src/services/matchEngine/recalculateInnings.ts(645,18): error TS18048: 'lastBall.runsOffBat' is possibly 'undefined'.
src/services/matchEngine/recalculateInnings.ts(646,82): error TS18048: 'lastBall.runsOffBat' is possibly 'undefined'.
src/services/matchEngine/recalculateInnings.ts(667,34): error TS2448: Block-scoped variable 'bowlerStats' used before its declaration.
src/services/matchEngine/recalculateInnings.ts(667,34): error TS2454: Variable 'bowlerStats' is used before being assigned.
src/services/stats/index.ts(12,1): error TS2308: Module './notOutDetector' has already exported a member named 'MatchContext'. Consider explicitly re-exporting to resolve the ambiguity.
src/services/stats/index.ts(18,1): error TS2308: Module './seasonAggregator' has already exported a member named 'MatchWithSummary'. Consider explicitly re-exporting to resolve the ambiguity.
src/services/stats/notOutDetector.ts(74,38): error TS2367: This comparison appears to be unintentional because the types 'false | undefined' and 'true' have no overlap.
src/services/stats/testUtils.ts(7,1): error TS6133: 'calculateBattingStats' is declared but its value is never read.
src/services/stats/testUtils.ts(8,1): error TS6133: 'calculateBowlingStats' is declared but its value is never read.
src/services/stats/testUtils.ts(9,1): error TS6133: 'countMatches' is declared but its value is never read.
src/services/stats/testUtils.ts(87,58): error TS18047: 'test.expected' is possibly 'null'.
src/services/stats/validateBallEvent.ts(49,9): error TS6133: 'batRuns' is declared but its value is never read.
src/services/syncPlayerStats.ts(204,29): error TS2339: Property 'upsertPastMatchAndRecompute' does not exist on type '{ subscribeAll(callback: (players: Player[]) => void): () => void; subscribeBySquad(squadId: string, callback: (players: Player[]) => void): () => void; getAll(): Promise<Player[]>; ... 4 more ...; delete(id: string): Promise<...>; }'.
src/services/syncPlayerStats.ts(234,49): error TS2554: Expected 1 arguments, but got 2.
src/store/authStore.ts(78,13): error TS2322: Type 'string | null' is not assignable to type 'string | undefined'.
  Type 'null' is not assignable to type 'string | undefined'.
src/store/authStore.ts(149,17): error TS2322: Type 'string | null' is not assignable to type 'string | undefined'.
  Type 'null' is not assignable to type 'string | undefined'.
src/utils/icc-rules.ts(6,16): error TS6133: 'BallExtras' is declared but its value is never read.
src/utils/scorecardFormatters.ts(38,3): error TS6133: 'dismissedBy' is declared but its value is never read.
